#-----------------------------------------------------------
# Vivado v2025.1 (64-bit)
# SW Build 6140274 on Thu May 22 00:12:29 MDT 2025
# IP Build 6138677 on Thu May 22 03:10:11 MDT 2025
# SharedData Build 6139179 on Tue May 20 17:58:58 MDT 2025
# Start of session at: Sun Apr 12 16:35:38 2026
# Process ID         : 20800
# Current directory  : C:/Users/nikit/OneDrive/Desktop/GITHUB_PRJ/Digital-filters-portfolio/CIC/Interpolation/FPGA/Verilog
# Command line       : vivado.exe -gui_launcher_event rodinguilauncherevent27372 C:\Users\nikit\OneDrive\Desktop\GITHUB_PRJ\Digital-filters-portfolio\CIC\Interpolation\FPGA\Verilog\cic_filter.xpr
# Log file           : C:/Users/nikit/OneDrive/Desktop/GITHUB_PRJ/Digital-filters-portfolio/CIC/Interpolation/FPGA/Verilog/vivado.log
# Journal file       : C:/Users/nikit/OneDrive/Desktop/GITHUB_PRJ/Digital-filters-portfolio/CIC/Interpolation/FPGA/Verilog\vivado.jou
# Running On         : Mykyta
# Platform           : Windows Server 2016 or Windows 10
# Operating System   : 26200
# Processor Detail   : Intel(R) Core(TM) i7-1065G7 CPU @ 1.30GHz
# CPU Frequency      : 1498 MHz
# CPU Physical cores : 4
# CPU Logical cores  : 8
# Host memory        : 16908 MB
# Swap memory        : 16929 MB
# Total Virtual      : 33837 MB
# Available Virtual  : 12181 MB
#-----------------------------------------------------------
start_gui
open_project C:/Users/nikit/OneDrive/Desktop/GITHUB_PRJ/Digital-filters-portfolio/CIC/Interpolation/FPGA/Verilog/cic_filter.xpr
update_compile_order -fileset sim_1
update_compile_order -fileset sources_1
export_ip_user_files -of_objects  [get_files C:/Users/nikit/OneDrive/Desktop/GITHUB_PRJ/Digital-filters-portfolio/CIC/Interpolation/FPGA/Verilog/cic_filter.v] -no_script -reset -force -quiet
remove_files  C:/Users/nikit/OneDrive/Desktop/GITHUB_PRJ/Digital-filters-portfolio/CIC/Interpolation/FPGA/Verilog/cic_filter.v
export_ip_user_files -of_objects  [get_files C:/Users/nikit/OneDrive/Desktop/GITHUB_PRJ/Digital-filters-portfolio/CIC/Interpolation/FPGA/Verilog/fir_filter.sv] -no_script -reset -force -quiet
remove_files  C:/Users/nikit/OneDrive/Desktop/GITHUB_PRJ/Digital-filters-portfolio/CIC/Interpolation/FPGA/Verilog/fir_filter.sv
export_ip_user_files -of_objects  [get_files C:/Users/nikit/OneDrive/Desktop/GITHUB_PRJ/Digital-filters-portfolio/CIC/Interpolation/FPGA/Verilog/cic_filter_tb.v] -no_script -reset -force -quiet
remove_files  -fileset sim_1 C:/Users/nikit/OneDrive/Desktop/GITHUB_PRJ/Digital-filters-portfolio/CIC/Interpolation/FPGA/Verilog/cic_filter_tb.v
export_ip_user_files -of_objects  [get_files C:/Users/nikit/OneDrive/Desktop/GITHUB_PRJ/Digital-filters-portfolio/CIC/Interpolation/FPGA/Verilog/cic_filter_tb_behav.wcfg] -no_script -reset -force -quiet
remove_files  -fileset sim_1 C:/Users/nikit/OneDrive/Desktop/GITHUB_PRJ/Digital-filters-portfolio/CIC/Interpolation/FPGA/Verilog/cic_filter_tb_behav.wcfg
add_files -norecurse -scan_for_includes C:/Users/nikit/OneDrive/Desktop/GITHUB_PRJ/Digital-filters-portfolio/CIC/Interpolation/FPGA/Verilog/cic_interpolator.v
